// Jest Snapshot v1, https://goo.gl/fbAQLP

exports[`code genProxyCode 1`] = `
"
const { registerUTSInterface, initUTSProxyClass, initUTSProxyFunction, initUTSPackageName, initUTSIndexClassName, initUTSClassName } = uni
const name = 'test-uts'
const moduleName = '测试'
const moduleType = 'built-in'
const errMsg = \`\`
const is_uni_modules = false
const pkg = /*#__PURE__*/ initUTSPackageName(name, is_uni_modules)
const cls = /*#__PURE__*/ initUTSIndexClassName(name, is_uni_modules)

export const TestUTSComponent = {}

registerUTSInterface('RequestTaskOptions',Object.assign({ moduleName, moduleType, errMsg, package: pkg, class: initUTSClassName(name, 'RequestTaskByJsProxy', is_uni_modules) }, {"methods":{"startByJs":{"async":false,"params":[],"return":{}},"abortByJs":{"async":false,"params":[],"return":{"type":"interface","options":"RequestTaskOptions"}}},"props":[]} ))
export const onMemoryWarning = /*#__PURE__*/ initUTSProxyFunction(false, { moduleName, moduleType, errMsg, main: true, package: pkg, class: cls, name: 'onMemoryWarningByJs', params: [{"name":"callback","type":"UTSCallback"}], return: ""})
export const offMemoryWarning = /*#__PURE__*/ initUTSProxyFunction(false, { moduleName, moduleType, errMsg, main: true, package: pkg, class: cls, name: 'offMemoryWarningByJs', params: [{"name":"callback","type":"UTSCallback","default":"UTSNull"}], return: ""})
export default /*#__PURE__*/ initUTSProxyClass(Object.assign({ moduleName, moduleType, errMsg, package: pkg, class: initUTSClassName(name, 'UserByJs', is_uni_modules) }, {"constructor":{"params":[]},"methods":{},"staticMethods":{},"props":[],"staticProps":[]} ))
export const a = 1
export const showToast1 = /*#__PURE__*/ initUTSProxyFunction(false, { moduleName, moduleType, errMsg, main: true, package: pkg, class: cls, name: 'showToast1ByJs', params: [{"name":"msg","type":"string"}], return: ""})
export const showToast2 = /*#__PURE__*/ initUTSProxyFunction(false, { moduleName, moduleType, errMsg, main: true, package: pkg, class: cls, name: 'showToast2ByJs', params: [{"name":"msg","type":"string"}], return: ""})
export const request = /*#__PURE__*/ initUTSProxyFunction(false, { moduleName, moduleType, errMsg, main: true, package: pkg, class: cls, name: 'requestByJs', params: [], return: {"type":"interface","options":"RequestTaskOptions"}})
"
`;

exports[`code genProxyCode cjs 1`] = `
"
const { registerUTSInterface, initUTSProxyClass, initUTSProxyFunction, initUTSPackageName, initUTSIndexClassName, initUTSClassName } = uni
const name = 'test-uts'
const moduleName = ''
const moduleType = ''
const errMsg = \`\`
const is_uni_modules = false
const pkg = /*#__PURE__*/ initUTSPackageName(name, is_uni_modules)
const cls = /*#__PURE__*/ initUTSIndexClassName(name, is_uni_modules)

const exports = { __esModule: true }

exports.TestUTSComponent = {}

registerUTSInterface('RequestTaskOptions',Object.assign({ moduleName, moduleType, errMsg, package: pkg, class: initUTSClassName(name, 'RequestTaskByJsProxy', is_uni_modules) }, {"methods":{"startByJs":{"async":false,"params":[],"return":{}},"abortByJs":{"async":false,"params":[],"return":{"type":"interface","options":"RequestTaskOptions"}}},"props":[]} ))
exports.onMemoryWarning = /*#__PURE__*/ initUTSProxyFunction(false, { moduleName, moduleType, errMsg, main: true, package: pkg, class: cls, name: 'onMemoryWarningByJs', params: [{"name":"callback","type":"UTSCallback"}], return: ""})
exports.offMemoryWarning = /*#__PURE__*/ initUTSProxyFunction(false, { moduleName, moduleType, errMsg, main: true, package: pkg, class: cls, name: 'offMemoryWarningByJs', params: [{"name":"callback","type":"UTSCallback","default":"UTSNull"}], return: ""})
exports.default = initUTSProxyClass(Object.assign({ moduleName, moduleType, errMsg, package: pkg, class: initUTSClassName(name, 'UserByJs', is_uni_modules) }, {"constructor":{"params":[]},"methods":{},"staticMethods":{},"props":[],"staticProps":[]} ))
const a = 1
exports.a = a
exports.showToast1 = /*#__PURE__*/ initUTSProxyFunction(false, { moduleName, moduleType, errMsg, main: true, package: pkg, class: cls, name: 'showToast1ByJs', params: [{"name":"msg","type":"string"}], return: ""})
exports.showToast2 = /*#__PURE__*/ initUTSProxyFunction(false, { moduleName, moduleType, errMsg, main: true, package: pkg, class: cls, name: 'showToast2ByJs', params: [{"name":"msg","type":"string"}], return: ""})
exports.request = /*#__PURE__*/ initUTSProxyFunction(false, { moduleName, moduleType, errMsg, main: true, package: pkg, class: cls, name: 'requestByJs', params: [], return: {"type":"interface","options":"RequestTaskOptions"}})
uni.registerUTSPlugin('utssdk/test-uts', exports)
"
`;
