// Jest Snapshot v1, https://goo.gl/fbAQLP

exports[`uvue-style chunk 1`] = `"[new Map<string, Map<string, Map<string, any>>>([["content", new Map<string, any>([["", new Map<string, any>([["display", "flex"]])]])], ["logo", new Map<string, any>([[".content ", new Map<string, any>([["width", "200rpx"], ["height", "200rpx"]])]])]]),new Map<string, Map<string, Map<string, any>>>([["text-area", new Map<string, any>([["", new Map<string, any>([["fontSize", "36rpx"]])]])], ["title", new Map<string, any>([["", new Map<string, any>([["fontSize", "36rpx"]])]])]])]"`;

exports[`uvue-style chunk 2`] = `"[new Map<string, Map<string, Map<string, any>>>([["content", new Map<string, any>([["", new Map<string, any>([["display", "flex"]])]])], ["logo", new Map<string, any>([[".content ", new Map<string, any>([["width", "200rpx"], ["height", "200rpx"]])]])]]),new Map<string, Map<string, Map<string, any>>>([["text-area", new Map<string, any>([["", new Map<string, any>([["fontSize", "36rpx"], ["transitionProperty", "marginTop"], ["transitionDuration", 300]])]])], ["title", new Map<string, any>([["", new Map<string, any>([["fontSize", "36rpx"], ["transitionProperty", "marginTop"], ["transitionDuration", 300]])]])]]),new Map<string, Map<string, Map<string, any>>>([["@FONT-FACE", new Map<string, any>([["0", new Map<string, any>([["fontFamily", "font-family-name-1"], ["src", "url(\\"font file url 1-1\\") format(\\"truetype\\")"]])]])], ["@TRANSITION", new Map<string, any>([["text-area", new Map<string, any>([["property", "marginTop"], ["duration", 300]])], ["title", new Map<string, any>([["property", "marginTop"], ["duration", 300]])]])]])]"`;

exports[`uvue-style js 1`] = `"new Map([["content", new Map([["", new Map([["display", "flex"]])]])], ["logo", new Map([[".content ", new Map([["width", "200rpx"], ["height", "200rpx"]])]])], ["text-area", new Map([["", new Map([["fontSize", "36rpx"]])]])], ["title", new Map([["", new Map([["fontSize", "36rpx"]])]])]])"`;

exports[`uvue-style ts 1`] = `"new Map<string, Map<string, Map<string, any>>>([["content", new Map<string, any>([["", new Map<string, any>([["display", "flex"]])]])], ["logo", new Map<string, any>([[".content ", new Map<string, any>([["width", "200rpx"], ["height", "200rpx"]])]])], ["text-area", new Map<string, any>([["", new Map<string, any>([["fontSize", "36rpx"]])]])], ["title", new Map<string, any>([["", new Map<string, any>([["fontSize", "36rpx"]])]])]])"`;
